{
    "tmdb": "153657",
    "imdb": "0",
    "tvmaze": "0",
    "possible_matches": [
        {
            "result_num": 1,
            "title": "Bosch: Legacy",
            "content_type": "tv",
            "tmdb_id": 153657,
            "release_date": "2022-05-05",
            "language": "en",
            "overview": "Bosch is now making a living as a private investigator two years after he quit the LAPD and finds himself working with one time enemy and top-notch attorney Honey “Money” Chandler. Meanwhile, Bosch's daughter Maddie is venturing into the world of the LAPD."
        }
    ]
}