{
    "tmdb": "205584",
    "imdb": "tt2404233",
    "tvdb": "0",
    "tvmaze": "0",
    "possible_matches": [
        {
            "result_num": 1,
            "title": "Gods of Egypt",
            "content_type": "movie",
            "tmdb_id": 205584,
            "release_date": "2016-02-25",
            "language": "en",
            "overview": "A common thief joins a mythical god on a quest through Egypt."
        }
    ]
}