{
    "tmdb": "335787",
    "imdb": "tt1464335",
    "tvmaze": "0",
    "tvdb": "0",
    "possible_matches": [
        {
            "result_num": 1,
            "title": "Uncharted",
            "content_type": "movie",
            "tmdb_id": 335787,
            "release_date": "2022-02-10",
            "language": "en",
            "overview": "N.A."
        },
        {
            "result_num": 2,
            "title": "Gerry Anderson: A Life Uncharted",
            "content_type": "movie",
            "tmdb_id": 942512,
            "release_date": "2022-04-15",
            "language": "en",
            "overview": "Gerry Andersonâ€™s successful career spanned 60 years. Released a decade after his death, this documentary draws on exclusive access to over 30 hours of previously unpublished interviews, in order to share the untold stories that defined his life and body of work."
        },
        {
            "result_num": 3,
            "title": "Land Uncharted",
            "content_type": "movie",
            "tmdb_id": 962352,
            "release_date": "",
            "language": "en",
            "overview": "N.A."
        },
        {
            "result_num": 4,
            "title": "Uncharted Territory: The Story of the 2006-07 Wisconsin Men's Basketball Team",
            "content_type": "movie",
            "tmdb_id": 309624,
            "release_date": "",
            "language": "en",
            "overview": "Join the Wisconsin Badgers' men's basketball team for one of the greatest seasons in their history. This retrospective of the 2006-07 season features highlights from the entire year, as well as interviews with coach Bo Ryan and the team's star players. The dynamic footage from the season that saw the team reach its first-ever No. 1 AP ranking is narrated by \"the Voice of the Badgers,\" Matt Lepay."
        }
    ]
}