{
    "video": [
        {
            "codec": "AVC",
            "bitrate": "34754 kbps",
            "resolution": "1080p",
            "fps": "23.976 fps",
            "aspect_ratio": "16:9",
            "profile": "High Profile 4.1"
        }
    ],
    "audio": [
        {
            "language": "German",
            "codec": "DTS-HD Master Audio",
            "channels": "2.0",
            "sample_rate": "48 kHz",
            "bitrate": "1564 kbps",
            "bit_depth": "16-bit"
        },
        {
            "language": "English",
            "codec": "DTS-HD Master Audio",
            "channels": "2.0",
            "sample_rate": "48 kHz",
            "bitrate": "1668 kbps",
            "bit_depth": "16-bit"
        }
    ],
    "label": "Company.Business.1991.COMPLETE.BLURAY-UNTOUCHED",
    "size": 32.43169876560569,
    "playlist": "00002.MPLS",
    "length": "1:37:59"
}
