{
    "video": [
        {
            "codec": "HEVC",
            "bitrate": "57867 kbps",
            "resolution": "2160p",
            "fps": "23.976 fps",
            "aspect_ratio": "16:9",
            "profile": "Main 10 @ Level 5.1 @ High",
            "bit_depth": "10 bits",
            "dv_hdr": "HDR10",
            "color": "BT.2020"
        }
    ],
    "audio": [
        {
            "language": "English",
            "atmos": "Atmos Audio",
            "codec": "Dolby TrueHD",
            "channels": "7.1",
            "sample_rate": "48 kHz",
            "bitrate": "4174 kbps",
            "bit_depth": "24-bit"
        },
        {
            "language": "English",
            "codec": "Dolby Digital Audio",
            "channels": "5.1",
            "sample_rate": "48 kHz",
            "bitrate": "640 kbps",
            "bit_depth": "DN -31dB"
        },
        {
            "language": "Hindi",
            "codec": "Dolby Digital Audio",
            "channels": "5.1",
            "sample_rate": "48 kHz",
            "bitrate": "640 kbps",
            "bit_depth": "DN -31dB"
        },
        {
            "language": "Polish",
            "codec": "Dolby Digital Audio",
            "channels": "5.1",
            "sample_rate": "48 kHz",
            "bitrate": "640 kbps",
            "bit_depth": "DN -31dB"
        },
        {
            "language": "Spanish",
            "codec": "DTS-HD Master Audio",
            "channels": "5.1",
            "sample_rate": "48 kHz",
            "bitrate": "2234 kbps",
            "bit_depth": "16-bit"
        },
        {
            "language": "Tamil",
            "codec": "Dolby Digital Audio",
            "channels": "5.1",
            "sample_rate": "48 kHz",
            "bitrate": "640 kbps",
            "bit_depth": "DN -31dB"
        },
        {
            "language": "Telugu",
            "codec": "Dolby Digital Audio",
            "channels": "5.1",
            "sample_rate": "48 kHz",
            "bitrate": "640 kbps",
            "bit_depth": "DN -31dB"
        },
        {
            "language": "English",
            "codec": "Dolby Digital Audio",
            "channels": "2.0",
            "sample_rate": "48 kHz",
            "bitrate": "192 kbps",
            "bit_depth": "DN -31dB"
        },
        {
            "language": "English",
            "codec": "Dolby Digital Audio",
            "channels": "2.0",
            "sample_rate": "48 kHz",
            "bitrate": "192 kbps",
            "bit_depth": "DN -31dB"
        }
    ],
    "title": "Don't Breathe 2 - 4K Ultra HD",
    "label": "Dont.Breathe.2.2021.MULTi.COMPLETE.UHD.BLURAY-GLiMMER",
    "size": 52.79312385432422,
    "playlist": "00001.MPLS",
    "length": "1:38:14"
}
